// Jest Snapshot v1, https://goo.gl/fbAQLP

exports[`Designs renders 1`] = `
<div>
  Designs
</div>
`;
