// Jest Snapshot v1, https://goo.gl/fbAQLP

exports[`Footer renders 1`] = `
ShallowWrapper {
  Symbol(enzyme.__root__): [Circular],
  Symbol(enzyme.__unrendered__): <Footer
    className="my-footer"
  />,
  Symbol(enzyme.__renderer__): Object {
    "batchedUpdates": [Function],
    "getNode": [Function],
    "render": [Function],
    "simulateError": [Function],
    "simulateEvent": [Function],
    "unmount": [Function],
  },
  Symbol(enzyme.__node__): Object {
    "instance": null,
    "key": undefined,
    "nodeType": "function",
    "props": Object {
      "children": <P>
        © 
        2018
         
        <ForwardRef
          href="http://wattydev.com"
          target="_blank"
        >
          Spencer Watson
        </ForwardRef>
      </P>,
      "className": "my-footer",
    },
    "ref": null,
    "rendered": Object {
      "instance": null,
      "key": undefined,
      "nodeType": "function",
      "props": Object {
        "children": Array [
          "© ",
          2018,
          " ",
          <ForwardRef
            href="http://wattydev.com"
            target="_blank"
          >
            Spencer Watson
          </ForwardRef>,
        ],
      },
      "ref": null,
      "rendered": Array [
        "© ",
        2018,
        " ",
        Object {
          "instance": null,
          "key": undefined,
          "nodeType": "function",
          "props": Object {
            "children": "Spencer Watson",
            "href": "http://wattydev.com",
            "target": "_blank",
          },
          "ref": null,
          "rendered": "Spencer Watson",
          "type": Object {
            "$$typeof": Symbol(react.forward_ref),
            "attrs": undefined,
            "componentStyle": ComponentStyle {
              "componentId": "sc-bdVaJa",
              "isStatic": false,
              "rules": Array [
                "
  color: ",
                [Function],
                ";
  text-decoration: none;
  margin: 0;
  cursor: pointer;

  &:hover {
    text-decoration: underline;
  }
",
              ],
            },
            "displayName": "styled.a",
            "render": [Function],
            "styledComponentId": "sc-bdVaJa",
            "target": "a",
            "toString": [Function],
            "warnTooManyClasses": [Function],
            "withComponent": [Function],
          },
        },
      ],
      "type": [Function],
    },
    "type": Object {
      "$$typeof": Symbol(react.forward_ref),
      "attrs": undefined,
      "componentStyle": ComponentStyle {
        "componentId": "sc-fjdhpX",
        "isStatic": false,
        "rules": Array [
          "
  text-align: center;
  border-top: 1px solid ",
          [Function],
          "
  padding: 8px;
",
        ],
      },
      "displayName": "styled.div",
      "render": [Function],
      "styledComponentId": "sc-fjdhpX",
      "target": "div",
      "toString": [Function],
      "warnTooManyClasses": [Function],
      "withComponent": [Function],
    },
  },
  Symbol(enzyme.__nodes__): Array [
    Object {
      "instance": null,
      "key": undefined,
      "nodeType": "function",
      "props": Object {
        "children": <P>
          © 
          2018
           
          <ForwardRef
            href="http://wattydev.com"
            target="_blank"
          >
            Spencer Watson
          </ForwardRef>
        </P>,
        "className": "my-footer",
      },
      "ref": null,
      "rendered": Object {
        "instance": null,
        "key": undefined,
        "nodeType": "function",
        "props": Object {
          "children": Array [
            "© ",
            2018,
            " ",
            <ForwardRef
              href="http://wattydev.com"
              target="_blank"
            >
              Spencer Watson
            </ForwardRef>,
          ],
        },
        "ref": null,
        "rendered": Array [
          "© ",
          2018,
          " ",
          Object {
            "instance": null,
            "key": undefined,
            "nodeType": "function",
            "props": Object {
              "children": "Spencer Watson",
              "href": "http://wattydev.com",
              "target": "_blank",
            },
            "ref": null,
            "rendered": "Spencer Watson",
            "type": Object {
              "$$typeof": Symbol(react.forward_ref),
              "attrs": undefined,
              "componentStyle": ComponentStyle {
                "componentId": "sc-bdVaJa",
                "isStatic": false,
                "rules": Array [
                  "
  color: ",
                  [Function],
                  ";
  text-decoration: none;
  margin: 0;
  cursor: pointer;

  &:hover {
    text-decoration: underline;
  }
",
                ],
              },
              "displayName": "styled.a",
              "render": [Function],
              "styledComponentId": "sc-bdVaJa",
              "target": "a",
              "toString": [Function],
              "warnTooManyClasses": [Function],
              "withComponent": [Function],
            },
          },
        ],
        "type": [Function],
      },
      "type": Object {
        "$$typeof": Symbol(react.forward_ref),
        "attrs": undefined,
        "componentStyle": ComponentStyle {
          "componentId": "sc-fjdhpX",
          "isStatic": false,
          "rules": Array [
            "
  text-align: center;
  border-top: 1px solid ",
            [Function],
            "
  padding: 8px;
",
          ],
        },
        "displayName": "styled.div",
        "render": [Function],
        "styledComponentId": "sc-fjdhpX",
        "target": "div",
        "toString": [Function],
        "warnTooManyClasses": [Function],
        "withComponent": [Function],
      },
    },
  ],
  Symbol(enzyme.__options__): Object {
    "adapter": ReactSixteenAdapter {
      "options": Object {
        "enableComponentDidUpdateOnSetState": true,
        "lifecycles": Object {
          "componentDidUpdate": Object {
            "onSetState": true,
          },
          "getDerivedStateFromProps": true,
          "getSnapshotBeforeUpdate": true,
          "setState": Object {
            "skipsComponentDidUpdateOnNullish": true,
          },
        },
      },
    },
  },
}
`;
