// Jest Snapshot v1, https://goo.gl/fbAQLP

exports[`Edit renders 1`] = `
<div>
  Edit
</div>
`;
