// Jest Snapshot v1, https://goo.gl/fbAQLP

exports[`Dropdown renders 1`] = `
<styled.div>
  <div>
    test2
  </div>
</styled.div>
`;
