// Jest Snapshot v1, https://goo.gl/fbAQLP

exports[`AppContainer renders 1`] = `
<BrowserRouter>
  <ThemeProvider
    theme={
      Object {
        "colors": Object {
          "aqua": "#7FDBFF",
          "black": "#111111",
          "blue": "#0074D9",
          "blueDarker": "#005daa",
          "blueLighter": "#f0fbff",
          "fuchsia": "#F012BE",
          "gray": "#AAAAAA",
          "grayDark": "#5e5e5e",
          "grayDarker": "#3a3a3a",
          "green": "#2ECC40",
          "lime": "#01FF70",
          "maroon": "#85144B",
          "navy": "#001F3F",
          "olive": "#3D9970",
          "orange": "#FF851B",
          "purple": "#B10DC9",
          "red": "#FF4136",
          "silver": "#DDDDDD",
          "teal": "#39CCCC",
          "white": "#FFFFFF",
          "yellow": "#FFDC00",
        },
        "patterns": Object {
          "transparencyBackground": Array [
            "
  background-image: linear-gradient(45deg, ",
            "#AAAAAA",
            " 25%, transparent 25%),
    linear-gradient(-45deg, ",
            "#AAAAAA",
            " 25%, transparent 25%),
    linear-gradient(45deg, transparent 75%, ",
            "#AAAAAA",
            " 75%),
    linear-gradient(-45deg, transparent 75%, ",
            "#AAAAAA",
            " 75%);
  background-color: ",
            "#5e5e5e",
            ";
  background-size: 20px 20px;
  background-position: 0 0, 0 10px, 10px -10px, -10px 0px;
",
          ],
        },
      }
    }
  >
    <App
      _isEmbedded={false}
    />
  </ThemeProvider>
</BrowserRouter>
`;
