// Jest Snapshot v1, https://goo.gl/fbAQLP

exports[`CreateNewContainer renders 1`] = `
<CreateNewContainer
  onRequestManufacturer={
    [MockFunction] {
      "calls": Array [
        Array [],
      ],
      "results": Array [
        Object {
          "isThrow": false,
          "value": undefined,
        },
      ],
    }
  }
  onRequestProduct={
    [MockFunction] {
      "calls": Array [
        Array [],
      ],
      "results": Array [
        Object {
          "isThrow": false,
          "value": undefined,
        },
      ],
    }
  }
  productId="abc"
>
  <div>
    test
  </div>
</CreateNewContainer>
`;
