// Jest Snapshot v1, https://goo.gl/fbAQLP

exports[`LogInFormContainer renders 1`] = `
ShallowWrapper {
  Symbol(enzyme.__root__): [Circular],
  Symbol(enzyme.__unrendered__): <LogInFormContainer
    id="abc"
    onRegister={[MockFunction]}
    onResetPassword={[MockFunction]}
    onSubmit={[MockFunction]}
  />,
  Symbol(enzyme.__renderer__): Object {
    "batchedUpdates": [Function],
    "getNode": [Function],
    "render": [Function],
    "simulateError": [Function],
    "simulateEvent": [Function],
    "unmount": [Function],
  },
  Symbol(enzyme.__node__): Object {
    "instance": null,
    "key": undefined,
    "nodeType": "function",
    "props": Object {
      "errorMessage": null,
      "id": "abc",
      "isDisabled": false,
      "onPasswordChange": [Function],
      "onRegister": [MockFunction],
      "onResetPassword": [MockFunction],
      "onSubmit": [Function],
      "onUsernameChange": [Function],
      "password": "",
      "username": "",
    },
    "ref": null,
    "rendered": null,
    "type": [Function],
  },
  Symbol(enzyme.__nodes__): Array [
    Object {
      "instance": null,
      "key": undefined,
      "nodeType": "function",
      "props": Object {
        "errorMessage": null,
        "id": "abc",
        "isDisabled": false,
        "onPasswordChange": [Function],
        "onRegister": [MockFunction],
        "onResetPassword": [MockFunction],
        "onSubmit": [Function],
        "onUsernameChange": [Function],
        "password": "",
        "username": "",
      },
      "ref": null,
      "rendered": null,
      "type": [Function],
    },
  ],
  Symbol(enzyme.__options__): Object {
    "adapter": ReactSixteenAdapter {
      "options": Object {
        "enableComponentDidUpdateOnSetState": true,
        "lifecycles": Object {
          "componentDidUpdate": Object {
            "onSetState": true,
          },
          "getDerivedStateFromProps": true,
          "getSnapshotBeforeUpdate": true,
          "setState": Object {
            "skipsComponentDidUpdateOnNullish": true,
          },
        },
      },
    },
  },
}
`;
