// Jest Snapshot v1, https://goo.gl/fbAQLP

exports[`ProductContainer renders 1`] = `
<ProductContainer
  onRequestManufacturer={
    [MockFunction] {
      "calls": Array [
        Array [],
      ],
      "results": Array [
        Object {
          "isThrow": false,
          "value": undefined,
        },
      ],
    }
  }
  onRequestProduct={
    [MockFunction] {
      "calls": Array [
        Array [],
      ],
      "results": Array [
        Object {
          "isThrow": false,
          "value": undefined,
        },
      ],
    }
  }
  productId="abc"
/>
`;
