// Jest Snapshot v1, https://goo.gl/fbAQLP

exports[`UserContainer renders 1`] = `
ShallowWrapper {
  Symbol(enzyme.__root__): [Circular],
  Symbol(enzyme.__unrendered__): <UserContainer
    isRecognizedUser={false}
    onLogOut={[MockFunction]}
    onSetRecognition={[MockFunction]}
    user={
      Object {
        "firstName": "frank",
        "id": "abc",
        "isLoggedIn": true,
        "isLoggingIn": false,
        "lastName": "sinatra",
        "username": "frankyboi",
      }
    }
  >
    [Function]
  </UserContainer>,
  Symbol(enzyme.__renderer__): Object {
    "batchedUpdates": [Function],
    "getNode": [Function],
    "render": [Function],
    "simulateError": [Function],
    "simulateEvent": [Function],
    "unmount": [Function],
  },
  Symbol(enzyme.__node__): undefined,
  Symbol(enzyme.__nodes__): Array [
    undefined,
  ],
  Symbol(enzyme.__options__): Object {
    "adapter": ReactSixteenAdapter {
      "options": Object {
        "enableComponentDidUpdateOnSetState": true,
        "lifecycles": Object {
          "componentDidUpdate": Object {
            "onSetState": true,
          },
          "getDerivedStateFromProps": true,
          "getSnapshotBeforeUpdate": true,
          "setState": Object {
            "skipsComponentDidUpdateOnNullish": true,
          },
        },
      },
    },
  },
}
`;
