// Jest Snapshot v1, https://goo.gl/fbAQLP

exports[`Canvas renders 1`] = `
<styled.div>
  <div
    dangerouslySetInnerHTML={
      Object {
        "__html": "<div class=\\"testing_target\\">test</div>",
      }
    }
    onClick={[Function]}
  />
</styled.div>
`;
