// Jest Snapshot v1, https://goo.gl/fbAQLP

exports[`Account renders 1`] = `
<styled.div>
  <Connect(AccountContainer)>
    <Component />
  </Connect(AccountContainer)>
</styled.div>
`;
